Collision_Avoidance.c:49:7:Get_Vehicles_Situation	8	static
Collision_Avoidance.c:82:7:APP_FCA_Init	40	static
Collision_Avoidance.c:118:6:APP_FCA_Detecte_Collision_Status	8	static
Collision_Avoidance.c:161:6:APP_FCA_Calculte_Threshold	8	static
Collision_Avoidance.c:192:6:APP_FCA_Get_Actual_Speed_deceleration	16	static
Collision_Avoidance.c:211:6:predict_position	16	static
Collision_Avoidance.c:217:6:predict_obstacle_position	24	static
Collision_Avoidance.c:225:6:APP_FCA_Set_Warning	16	static
Collision_Avoidance.c:236:6:APP_FCA_Set_ACC	16	static
Collision_Avoidance.c:244:6:APP_FCA_Set_Emergency_Brake	16	static
