Stm32_F103C6_EXTI_driver.c:31:6:Enable_NVIC	16	static
Stm32_F103C6_EXTI_driver.c:68:6:Disable_NVIC	16	static
Stm32_F103C6_EXTI_driver.c:105:6:Update_EXTI	24	static
Stm32_F103C6_EXTI_driver.c:166:6:MCAL_EXTI_GPIO_DeInit	4	static
Stm32_F103C6_EXTI_driver.c:195:6:MCAL_EXTI_GPIO_Init	16	static
Stm32_F103C6_EXTI_driver.c:209:6:MCAL_EXTI_GPIO_Update	16	static
Stm32_F103C6_EXTI_driver.c:219:6:EXTI0_IRQHandler	8	static
Stm32_F103C6_EXTI_driver.c:226:6:EXTI1_IRQHandler	8	static
Stm32_F103C6_EXTI_driver.c:233:6:EXTI2_IRQHandler	8	static
Stm32_F103C6_EXTI_driver.c:240:6:EXTI3_IRQHandler	8	static
Stm32_F103C6_EXTI_driver.c:247:6:EXTI4_IRQHandler	8	static
Stm32_F103C6_EXTI_driver.c:254:6:EXTI9_5_IRQHandler	8	static
Stm32_F103C6_EXTI_driver.c:262:6:EXTI15_10_IRQHandler	8	static
