Stm32_F103C6_TIMERS_driver.c:35:6:TIMER_Enable	16	static
Stm32_F103C6_TIMERS_driver.c:80:6:IRQ_Delay	4	static
Stm32_F103C6_TIMERS_driver.c:90:6:IRQ_Count_Time	4	static
Stm32_F103C6_TIMERS_driver.c:116:6:MCAL_TIMER_Delay	24	static
Stm32_F103C6_TIMERS_driver.c:173:6:MCAL_TIMER_Start_Calculate_Time	16	static
Stm32_F103C6_TIMERS_driver.c:189:10:MCAL_TIMER_Get_Time	24	static
Stm32_F103C6_TIMERS_driver.c:217:6:PWM	48	static
Stm32_F103C6_TIMERS_driver.c:514:6:TIM2_IRQHandler	8	static
Stm32_F103C6_TIMERS_driver.c:518:6:TIM3_IRQHandler	8	static
Stm32_F103C6_TIMERS_driver.c:522:6:TIM4_IRQHandler	8	static
