Stm32_F103C6_UART_driver.c:36:6:MCAL_UART_Init	24	static
Stm32_F103C6_UART_driver.c:128:6:MCAL_UART_DeInit	16	static
Stm32_F103C6_UART_driver.c:161:6:MCAL_UART_GPIO_Set_Pins	24	static
Stm32_F103C6_UART_driver.c:296:6:MCAL_UART_SendData	24	static
Stm32_F103C6_UART_driver.c:370:6:MCAL_UART_ReceiveData	24	static
Stm32_F103C6_UART_driver.c:474:6:MCAL_UART_WAIT_TC	16	static
Stm32_F103C6_UART_driver.c:482:6:USART1_IRQHandler	8	static
Stm32_F103C6_UART_driver.c:489:6:USART2_IRQHandler	8	static
Stm32_F103C6_UART_driver.c:494:6:USART3_IRQHandler	8	static
