Stm32_F103C6_TIMERS_driver.c:37:6:TIMER_Enable	16	static
Stm32_F103C6_TIMERS_driver.c:84:6:IRQ_Delay	4	static
Stm32_F103C6_TIMERS_driver.c:94:6:IRQ_Count_Time	4	static
Stm32_F103C6_TIMERS_driver.c:120:6:MCAL_TIMER_DeInit	16	static
Stm32_F103C6_TIMERS_driver.c:141:6:MCAL_TIMER_Delay	24	static
Stm32_F103C6_TIMERS_driver.c:198:6:MCAL_TIMER_Start_Stop_Calculate_Time	16	static
Stm32_F103C6_TIMERS_driver.c:237:10:MCAL_TIMER_Get_Time	24	static
Stm32_F103C6_TIMERS_driver.c:258:6:MCAL_TIMER_Generate_PWM	48	static
Stm32_F103C6_TIMERS_driver.c:548:6:TIM1CalcMicrosInit	4	static
Stm32_F103C6_TIMERS_driver.c:568:10:TIM1CalcMicros	32	static
Stm32_F103C6_TIMERS_driver.c:579:6:TIM2_IRQHandler	8	static
Stm32_F103C6_TIMERS_driver.c:583:6:TIM3_IRQHandler	8	static
Stm32_F103C6_TIMERS_driver.c:587:6:TIM4_IRQHandler	8	static
Stm32_F103C6_TIMERS_driver.c:591:6:TIM1_UP_IRQHandler	8	static
